mode: set
github.com/perttulands/truthsayer/internal/senate/amendments.go:26.44,27.42 1 1
github.com/perttulands/truthsayer/internal/senate/amendments.go:27.42,29.3 1 0
github.com/perttulands/truthsayer/internal/senate/amendments.go:30.2,30.26 1 1
github.com/perttulands/truthsayer/internal/senate/amendments.go:30.26,32.3 1 0
github.com/perttulands/truthsayer/internal/senate/amendments.go:33.2,33.47 1 1
github.com/perttulands/truthsayer/internal/senate/amendments.go:33.47,35.3 1 0
github.com/perttulands/truthsayer/internal/senate/amendments.go:36.2,36.12 1 1
github.com/perttulands/truthsayer/internal/senate/amendments.go:45.53,46.35 1 1
github.com/perttulands/truthsayer/internal/senate/amendments.go:46.35,48.3 1 0
github.com/perttulands/truthsayer/internal/senate/amendments.go:49.2,49.36 1 1
github.com/perttulands/truthsayer/internal/senate/amendments.go:53.61,55.16 2 1
github.com/perttulands/truthsayer/internal/senate/amendments.go:55.16,56.37 1 1
github.com/perttulands/truthsayer/internal/senate/amendments.go:56.37,58.4 1 1
github.com/perttulands/truthsayer/internal/senate/amendments.go:59.3,59.72 1 0
github.com/perttulands/truthsayer/internal/senate/amendments.go:61.2,61.47 1 0
github.com/perttulands/truthsayer/internal/senate/amendments.go:61.47,63.3 1 0
github.com/perttulands/truthsayer/internal/senate/amendments.go:64.2,65.51 2 0
github.com/perttulands/truthsayer/internal/senate/amendments.go:65.51,67.3 1 0
github.com/perttulands/truthsayer/internal/senate/amendments.go:68.2,68.24 1 0
github.com/perttulands/truthsayer/internal/senate/amendments.go:68.24,69.38 1 0
github.com/perttulands/truthsayer/internal/senate/amendments.go:69.38,71.4 1 0
github.com/perttulands/truthsayer/internal/senate/amendments.go:73.2,73.17 1 0
github.com/perttulands/truthsayer/internal/senate/amendments.go:77.68,78.31 1 1
github.com/perttulands/truthsayer/internal/senate/amendments.go:78.31,79.38 1 1
github.com/perttulands/truthsayer/internal/senate/amendments.go:79.38,81.4 1 0
github.com/perttulands/truthsayer/internal/senate/amendments.go:83.2,84.16 2 1
github.com/perttulands/truthsayer/internal/senate/amendments.go:84.16,86.3 1 0
github.com/perttulands/truthsayer/internal/senate/amendments.go:87.2,89.29 3 1
github.com/perttulands/truthsayer/internal/senate/amendments.go:89.29,90.49 1 1
github.com/perttulands/truthsayer/internal/senate/amendments.go:90.49,92.4 1 0
github.com/perttulands/truthsayer/internal/senate/amendments.go:94.2,94.57 1 1
github.com/perttulands/truthsayer/internal/senate/amendments.go:94.57,96.3 1 0
github.com/perttulands/truthsayer/internal/senate/amendments.go:97.2,97.12 1 1
github.com/perttulands/truthsayer/internal/senate/amendments.go:100.44,108.2 1 1
github.com/perttulands/truthsayer/internal/senate/amendments.go:111.99,112.37 1 1
github.com/perttulands/truthsayer/internal/senate/amendments.go:112.37,114.3 1 0
github.com/perttulands/truthsayer/internal/senate/amendments.go:115.2,115.32 1 1
github.com/perttulands/truthsayer/internal/senate/amendments.go:115.32,117.3 1 0
github.com/perttulands/truthsayer/internal/senate/amendments.go:118.2,118.24 1 1
github.com/perttulands/truthsayer/internal/senate/amendments.go:118.24,120.3 1 0
github.com/perttulands/truthsayer/internal/senate/amendments.go:122.2,123.16 2 1
github.com/perttulands/truthsayer/internal/senate/amendments.go:123.16,125.3 1 0
github.com/perttulands/truthsayer/internal/senate/amendments.go:126.2,127.29 2 1
github.com/perttulands/truthsayer/internal/senate/amendments.go:127.29,129.3 1 0
github.com/perttulands/truthsayer/internal/senate/amendments.go:131.2,132.41 2 1
github.com/perttulands/truthsayer/internal/senate/amendments.go:132.41,139.29 3 1
github.com/perttulands/truthsayer/internal/senate/amendments.go:139.29,140.12 1 0
github.com/perttulands/truthsayer/internal/senate/amendments.go:142.3,144.29 3 1
github.com/perttulands/truthsayer/internal/senate/amendments.go:146.2,146.41 1 1
github.com/perttulands/truthsayer/internal/senate/amendments.go:146.41,148.3 1 0
github.com/perttulands/truthsayer/internal/senate/amendments.go:149.2,149.19 1 1
github.com/perttulands/truthsayer/internal/senate/amendments.go:153.65,154.23 1 1
github.com/perttulands/truthsayer/internal/senate/amendments.go:154.23,156.3 1 0
github.com/perttulands/truthsayer/internal/senate/amendments.go:157.2,158.29 2 1
github.com/perttulands/truthsayer/internal/senate/amendments.go:158.29,159.49 1 1
github.com/perttulands/truthsayer/internal/senate/amendments.go:159.49,161.4 1 0
github.com/perttulands/truthsayer/internal/senate/amendments.go:163.2,164.16 2 1
github.com/perttulands/truthsayer/internal/senate/amendments.go:164.16,166.3 1 0
github.com/perttulands/truthsayer/internal/senate/amendments.go:167.2,169.28 3 1
github.com/perttulands/truthsayer/internal/senate/amendments.go:169.28,170.39 1 1
github.com/perttulands/truthsayer/internal/senate/amendments.go:170.39,172.4 1 0
github.com/perttulands/truthsayer/internal/senate/amendments.go:174.2,174.12 1 1
github.com/perttulands/truthsayer/internal/senate/verdict.go:46.53,48.16 2 0
github.com/perttulands/truthsayer/internal/senate/verdict.go:48.16,50.3 1 0
github.com/perttulands/truthsayer/internal/senate/verdict.go:51.2,51.27 1 0
github.com/perttulands/truthsayer/internal/senate/verdict.go:55.49,57.15 2 1
github.com/perttulands/truthsayer/internal/senate/verdict.go:57.15,59.3 1 0
github.com/perttulands/truthsayer/internal/senate/verdict.go:61.2,62.34 2 1
github.com/perttulands/truthsayer/internal/senate/verdict.go:62.34,64.21 2 1
github.com/perttulands/truthsayer/internal/senate/verdict.go:64.21,66.4 1 0
github.com/perttulands/truthsayer/internal/senate/verdict.go:67.3,67.40 1 1
github.com/perttulands/truthsayer/internal/senate/verdict.go:70.2,71.66 2 1
github.com/perttulands/truthsayer/internal/senate/verdict.go:71.66,73.3 1 0
github.com/perttulands/truthsayer/internal/senate/verdict.go:74.2,74.43 1 1
github.com/perttulands/truthsayer/internal/senate/verdict.go:74.43,76.3 1 1
github.com/perttulands/truthsayer/internal/senate/verdict.go:77.2,77.21 1 1
github.com/perttulands/truthsayer/internal/senate/verdict.go:81.35,82.35 1 1
github.com/perttulands/truthsayer/internal/senate/verdict.go:82.35,84.3 1 0
github.com/perttulands/truthsayer/internal/senate/verdict.go:85.2,85.18 1 1
github.com/perttulands/truthsayer/internal/senate/verdict.go:86.54,86.54 0 1
github.com/perttulands/truthsayer/internal/senate/verdict.go:87.10,88.59 1 0
github.com/perttulands/truthsayer/internal/senate/verdict.go:90.2,90.33 1 1
github.com/perttulands/truthsayer/internal/senate/verdict.go:90.33,91.38 1 1
github.com/perttulands/truthsayer/internal/senate/verdict.go:91.38,93.4 1 1
github.com/perttulands/truthsayer/internal/senate/verdict.go:95.2,95.58 1 1
github.com/perttulands/truthsayer/internal/senate/verdict.go:95.58,97.3 1 0
github.com/perttulands/truthsayer/internal/senate/verdict.go:98.2,98.12 1 1
github.com/perttulands/truthsayer/internal/senate/verdict.go:102.37,103.39 1 1
github.com/perttulands/truthsayer/internal/senate/verdict.go:103.39,105.3 1 0
github.com/perttulands/truthsayer/internal/senate/verdict.go:106.2,106.18 1 1
github.com/perttulands/truthsayer/internal/senate/verdict.go:107.25,108.21 1 1
github.com/perttulands/truthsayer/internal/senate/verdict.go:109.35,109.35 0 1
github.com/perttulands/truthsayer/internal/senate/verdict.go:110.11,111.94 1 0
github.com/perttulands/truthsayer/internal/senate/verdict.go:113.43,113.43 0 1
github.com/perttulands/truthsayer/internal/senate/verdict.go:115.26,116.43 1 0
github.com/perttulands/truthsayer/internal/senate/verdict.go:116.43,118.4 1 0
github.com/perttulands/truthsayer/internal/senate/verdict.go:119.10,120.51 1 1
github.com/perttulands/truthsayer/internal/senate/verdict.go:122.2,122.12 1 1
